node.exe : npm warn Unknown env config "devdir". This will stop working in the next major version of npm.
At line:1 char:1
+ & "C:\Program Files\nodejs/node.exe" "C:\Program Files\nodejs/node_mo ...
+ ~~~~~~~~~~~~~~~~~~~~~~~~~~~~~~~~~~~~~~~~~~~~~~~~~~~~~~~~~~~~~~~~~~~~~
    + CategoryInfo          : NotSpecified: (npm warn Unknow...version of npm.:String) [], RemoteException
    + FullyQualifiedErrorId : NativeCommandError
 

> poultry-core@0.1.0 build
> next build

Γû▓ Next.js 16.1.0 (Turbopack)

  Creating an optimized production build ...
Γ£ô Compiled successfully in 39.9s
  Skipping validation of types
  Collecting page data using 7 workers ...
  Generating static pages using 7 workers (0/46) ...
  Generating static pages using 7 workers (11/46) 
  Generating static pages using 7 workers (22/46) 
  Generating static pages using 7 workers (34/46) 
Γ£ô Generating static pages using 7 workers (46/46) in 4.9s
  Finalizing page optimization ...

Route (app)
Γöî Γùï /
Γö£ Γùï /_not-found
Γö£ ╞Æ /api/Houses
Γö£ ╞Æ /api/Houses/[id]
Γö£ ╞Æ /api/proxy/[...path]
Γö£ Γùï /apple-icon
Γö£ Γùï /audit-logs
Γö£ Γùï /cash
Γö£ Γùï /chat
Γö£ Γùï /customers
Γö£ ╞Æ /customers/[id]
Γö£ Γùï /customers/new
Γö£ Γùï /dashboard
Γö£ Γùï /egg-production
Γö£ ╞Æ /egg-production/[id]
Γö£ Γùï /egg-production/new
Γö£ Γùï /employees
Γö£ ╞Æ /employees/[id]
Γö£ Γùï /employees/new
Γö£ Γùï /expenses
Γö£ ╞Æ /expenses/[id]
Γö£ Γùï /expenses/new
Γö£ Γùï /feed-usage
Γö£ ╞Æ /feed-usage/[id]
Γö£ Γùï /feed-usage/new
Γö£ Γùï /flock-batch
Γö£ ╞Æ /flock-batch/[id]
Γö£ Γùï /flock-batch/new
Γö£ Γùï /flocks
Γö£ ╞Æ /flocks/[id]
Γö£ Γùï /flocks/new
Γö£ Γùï /forgot-password
Γö£ Γùï /health
Γö£ Γùï /help
Γö£ Γùï /houses
Γö£ Γùï /icon
Γö£ Γùï /inventory
Γö£ Γùï /login
Γö£ Γùï /login-2fa
Γö£ Γùï /payments
Γö£ Γùï /production-records
Γö£ ╞Æ /production-records/[id]
Γö£ Γùï /production-records/new
Γö£ Γùï /profile
Γö£ Γùï /register
Γö£ Γùï /reports
Γö£ Γùï /reset-password
Γö£ Γùï /resources
Γö£ Γùï /sales
Γö£ Γùï /settings
Γö£ Γùï /supplies
Γö£ Γùï /system-farms
Γö£ Γùï /terms
Γö£ Γùï /test-email-confirmation
Γöö Γùï /verify-account


Γùï  (Static)   prerendered as static content
╞Æ  (Dynamic)  server-rendered on demand

